REALWB-030 start 2026-08-14T16:19:26Z
image=posit/workbench@sha256:***
docker_platform=linux/amd64
python=Python 3.12.13
image_digest=sha256:***
host_arch=arm64
compose=up workbench pull=never
 Network workbench-reference_default Creating 
 Network workbench-reference_default Created 
 Container workbench-reference-workbench-1 Creating 
 Container workbench-reference-workbench-1 Created 
 Container workbench-reference-workbench-1 Starting 
 Container workbench-reference-workbench-1 Started 
auth-sign-in=ok
rserver-url=/usr/lib/rstudio-server/bin/rserver-url
rstudio-server=2026.07.0+139.pro9 Workbench (Pacific Dogwood) for Ubuntu Jammy
rserver-url_rc=139
RSERVER_URL=emulation_limited rc=139 platform=linux/amd64-on-arm64
PROXY_E2E=emulation_limited requires=native-amd64
LAUNCHER_PATH=ok stripped_prefix=ok
PAGE=ok mount_prefix=ok generated_urls=automatic cookie_path=ok
FRAGMENT=ok
CSRF=ok
ASSETS=ok
OPENAPI=ok docs=200 spec=200
explorer=off
REDIRECT=ok mount_once=ok
ENCODED_TARGET=ok
TARGET_GUARDS=ok unsafe=400 conflict=400 origin=400 oversized=414
DIAGNOSTICS=ok active=true normalizer_count=1 handoff=ok redacted=ok
EXTERNAL_URL=ok browser_query=encoded mount_once=ok durable_guard=ok
WEBSOCKET=ok
OUTSIDE_WORKBENCH=ok active=false hedron_parity=ok generic_aliases_ignored=ok
HEDRON_PACKAGE=pass
POSIT_PACKAGE=begin
POSIT_LAUNCHER_PATH=ok stripped_prefix=ok
POSIT_PAGE=ok mount_prefix=ok
POSIT_REDIRECT=ok mount_once=ok
POSIT_DIAGNOSTICS=ok product=inactive compatibility_facade=false handoff=ok
POSIT_OUTSIDE_WORKBENCH=ok active=false generic_aliases_ignored=ok
POSIT_PACKAGE=pass
FASTAPI_PACKAGE=begin
FASTAPI_LAUNCHER_PATH=ok stripped_prefix=ok
FASTAPI_PAGE=ok mount_prefix=ok generated_urls=automatic
FASTAPI_POST=ok
FASTAPI_OPENAPI=ok docs=200 spec=200
FASTAPI_REDIRECT=ok mount_once=ok
FASTAPI_ENCODED_TARGET=ok
FASTAPI_TARGET_GUARDS=ok unsafe=400 conflict=400 origin=400 oversized=414
FASTAPI_DIAGNOSTICS=ok active=true workbenchified=true handoff=ok
FASTAPI_WEBSOCKET=ok
FASTAPI_OUTSIDE_WORKBENCH=ok active=false workbenchified=false generic_aliases_ignored=ok
FASTAPI_PACKAGE=pass
RESULT=pass
REALWB-030 end 2026-08-14T16:19:55Z
LICENSE_DEACTIVATE=begin timeout=120s
LICENSE_DEACTIVATE=end
