REALWB-029 start 2026-08-12T03:17:02Z
image=posit/workbench@sha256:***
image_digest=sha256:***
host_arch=arm64
compose=up workbench pull=never
 Network workbench-reference_default Creating 
 Network workbench-reference_default Created 
 Container workbench-reference-workbench-1 Creating 
 Container workbench-reference-workbench-1 Created 
 Container workbench-reference-workbench-1 Starting 
 Container workbench-reference-workbench-1 Started 
auth-sign-in=ok
rserver-url=/usr/lib/rstudio-server/bin/rserver-url
rstudio-server=2026.07.0+139.pro9 Workbench (Pacific Dogwood) for Ubuntu Jammy
rserver-url_rc=139
RSERVER_URL=emulation_limited rc=139 platform=linux/amd64-on-arm64
PROXY_E2E=emulation_limited requires=native-amd64
LAUNCHER_PATH=ok stripped_prefix=ok
PAGE=ok mount_prefix=ok cookie_path=ok
FRAGMENT=ok
CSRF=ok
ASSETS=ok
OPENAPI=ok docs=200 spec=200
explorer=off
REDIRECT=ok mount_once=ok
ENCODED_TARGET=ok
TARGET_GUARDS=ok unsafe=400 conflict=400 oversized=414
DIAGNOSTICS=ok active=true normalizer_count=1 handoff=ok redacted=ok
EXTERNAL_URL=ok invite_query=encoded mount_once=ok
WEBSOCKET=ok
OUTSIDE_WORKBENCH=ok active=false hedron_parity=ok generic_aliases_ignored=ok
RESULT=pass
REALWB-029 end 2026-08-12T03:17:16Z
