REALCONNECT-033-202506 start 2026-08-13T13:48:10Z
image=posit/connect@sha256:d1921d6dd4344f2e0c3066a29338fc13f7f9ea8b6b31330a7cc6d7df4b4fcfa0
host_arch=arm64
protocol_floor=2024.11.0
python=Python 3.11.14
image_digest=sha256:d1921d6dd4344f2e0c3066a29338fc13f7f9ea8b6b31330a7cc6d7df4b4fcfa0
container=start privileged=true
CONNECT_HEALTH=ok
connect_version=Version: 2025.06.0 Build: v2025.06.0-0-gaffc89f9cc
rsconnect_python=1.29.0
CONNECT_BOOTSTRAP=ok
bundle_mode=wheels wheel_count=5
CONNECT_DEPLOY=ok runtime=python-3.12.1 vendored_local_source=true
PAGE=ok root_path=ok generated_urls=automatic cookie_path=runtime_repaired
FRAGMENT=ok
CSRF=ok
NATIVE_COOKIES=ok has_session=true has_hedron_csrf=true
BRIDGE_DECISION=drop_supported
FIXTURES=skipped
ASSETS=ok
OPENAPI=ok docs=200 spec=200
REDIRECT=ok mount_once=ok
DIAGNOSTICS=ok posit_product=CONNECT root_path=ok header=ok workbench_active=false
EXTERNAL_URL=ok invite_query=encoded connect_runtime=verified secrets_isolated=ok
WORKBENCH_ISOLATION=ok encoded_target=307 external_escape=blocked
WEBSOCKET=ok
OUTSIDE_CONNECT=ok hedron_parity=ok generic_aliases_ignored=ok
RESULT=pass
REALCONNECT-033-202506 end 2026-08-13T13:48:36Z
LICENSE_DEACTIVATE=begin timeout=120s
LICENSE_DEACTIVATE=end
